../Drivers/CMSIS/Include/core_cm4.h:1688:22:__NVIC_EnableIRQ	16	static
../Drivers/CMSIS/Include/core_cm4.h:1816:22:__NVIC_SetPriority	16	static
../Drivers/STM32F4xx_HAL_Driver/Inc/stm32f4xx_ll_rcc.h:3275:26:LL_RCC_GetAHBPrescaler	4	static
../Drivers/STM32F4xx_HAL_Driver/Inc/stm32f4xx_ll_rcc.h:3290:26:LL_RCC_GetAPB1Prescaler	4	static
../Drivers/STM32F4xx_HAL_Driver/Inc/stm32f4xx_ll_rcc.h:3305:26:LL_RCC_GetAPB2Prescaler	4	static
../Core/Src/main.c:89:5:main	24	static
../Core/Src/main.c:164:6:SystemClockInit	24	static
../Core/Src/main.c:287:6:Gpio_Init	4	static
../Core/Src/main.c:307:6:Timer_Init	8	static
../Core/Src/main.c:343:6:I2C_Init	40	static
../Core/Src/main.c:432:6:Usart_Init	304	static
../Core/Src/main.c:508:6:RCC_GetSysClocksFreq	24	static
../Core/Src/main.c:528:6:delay_ms	40	static
../Core/Src/main.c:543:6:TIM7_IRQHandler	8	static
../Core/Src/main.c:559:6:SysTick_Handler	4	static
../Core/Src/main.c:570:10:RCC_GetSysClockFreq	216	static
../Core/Src/main.c:645:6:Error_Handler	4	static,ignoring_inline_asm
